........................................................................ [ 39%]
..........FFFFFF..FFFFFF..FFFFFF..........FF....FFFFFFFFFFF...F......... [ 78%]
......................................F                                  [100%]
================================== FAILURES ===================================
_ test_required_corrections_fail_before_output_in_every_cli_mode[omitted-fresh-review] _

tmp_path = WindowsPath('C:/Users/Icezaza/AppData/Local/Temp/creator-task6-fix1-tests/test_required_corrections_fail0')
capsys = <_pytest.capture.CaptureFixture object at 0x000002203E5366D0>
source = 'review', mode = 'fresh', supplied = 'omitted'

    @pytest.mark.parametrize('source', ['review', 'research'])
    @pytest.mark.parametrize('mode', ['fresh', 'filtered_validate', 'full_validate', 'merge'])
    @pytest.mark.parametrize('supplied', ['omitted', 'partial', 'stale', 'extra_conflicting'])
    def test_required_corrections_fail_before_output_in_every_cli_mode(tmp_path, capsys, source, mode, supplied):
        args, path, corrections, _ = required_correction_cli(tmp_path, source)
        output = tmp_path / 'ledger.json'
        original = None
        if mode == 'merge':
            assert main(args + ['--trusted-link-corrections', str(path), '--output', str(output)]) == 0
            original = output.read_bytes()
            args += ['--merge-existing', str(output)]
        elif mode == 'filtered_validate':
            args += ['--platform', 'x', '--validate-only']
        elif mode == 'full_validate':
            args += ['--validate-only']
        else:
            args += ['--queue']
        if supplied != 'omitted':
            if supplied == 'partial':
                corrections['corrections'] = corrections['corrections'][:1]
            elif supplied == 'stale':
                corrections['corrections'][0]['summary'] += ' Changed after approval.'
            else:
                corrections['corrections'].append(dict(corrections['corrections'][0], summary='Conflicting extra record.'))
            path.write_text(json.dumps(corrections), encoding='utf-8')
            args += ['--trusted-link-corrections', str(path)]
        capsys.readouterr()
>       assert main(args + ['--output', str(output)]) == 1
E       AssertionError: assert 0 == 1
E        +  where 0 = main((['--review-bundle', 'C:\\Users\\Icezaza\\AppData\\Local\\Temp\\creator-task6-fix1-tests\\test_required_corrections_fai...\Icezaza\\AppData\\Local\\Temp\\creator-task6-fix1-tests\\test_required_corrections_fail0\\trusted-registry.json', ...] + ['--output', 'C:\\Users\\Icezaza\\AppData\\Local\\Temp\\creator-task6-fix1-tests\\test_required_corrections_fail0\\ledger.json']))

tests\test_creator_identity_resolution.py:688: AssertionError
---------------------------- Captured stdout call -----------------------------
{"accepted": 1, "by_method": {"verified_registry_link": 1}, "by_outcome": {"existing_persona": 1}, "by_platform": {"x": 1}, "conflicts": 0, "resolved": 1, "unresolved": 0}
_ test_required_corrections_fail_before_output_in_every_cli_mode[omitted-fresh-research] _

tmp_path = WindowsPath('C:/Users/Icezaza/AppData/Local/Temp/creator-task6-fix1-tests/test_required_corrections_fail1')
capsys = <_pytest.capture.CaptureFixture object at 0x000002203E4BBB50>
source = 'research', mode = 'fresh', supplied = 'omitted'

    @pytest.mark.parametrize('source', ['review', 'research'])
    @pytest.mark.parametrize('mode', ['fresh', 'filtered_validate', 'full_validate', 'merge'])
    @pytest.mark.parametrize('supplied', ['omitted', 'partial', 'stale', 'extra_conflicting'])
    def test_required_corrections_fail_before_output_in_every_cli_mode(tmp_path, capsys, source, mode, supplied):
        args, path, corrections, _ = required_correction_cli(tmp_path, source)
        output = tmp_path / 'ledger.json'
        original = None
        if mode == 'merge':
            assert main(args + ['--trusted-link-corrections', str(path), '--output', str(output)]) == 0
            original = output.read_bytes()
            args += ['--merge-existing', str(output)]
        elif mode == 'filtered_validate':
            args += ['--platform', 'x', '--validate-only']
        elif mode == 'full_validate':
            args += ['--validate-only']
        else:
            args += ['--queue']
        if supplied != 'omitted':
            if supplied == 'partial':
                corrections['corrections'] = corrections['corrections'][:1]
            elif supplied == 'stale':
                corrections['corrections'][0]['summary'] += ' Changed after approval.'
            else:
                corrections['corrections'].append(dict(corrections['corrections'][0], summary='Conflicting extra record.'))
            path.write_text(json.dumps(corrections), encoding='utf-8')
            args += ['--trusted-link-corrections', str(path)]
        capsys.readouterr()
>       assert main(args + ['--output', str(output)]) == 1
E       AssertionError: assert 0 == 1
E        +  where 0 = main((['--review-bundle', 'C:\\Users\\Icezaza\\AppData\\Local\\Temp\\creator-task6-fix1-tests\\test_required_corrections_fai...\Icezaza\\AppData\\Local\\Temp\\creator-task6-fix1-tests\\test_required_corrections_fail1\\trusted-registry.json', ...] + ['--output', 'C:\\Users\\Icezaza\\AppData\\Local\\Temp\\creator-task6-fix1-tests\\test_required_corrections_fail1\\ledger.json']))

tests\test_creator_identity_resolution.py:688: AssertionError
---------------------------- Captured stdout call -----------------------------
{"accepted": 1, "by_method": {"verified_registry_link": 1}, "by_outcome": {"existing_persona": 1}, "by_platform": {"x": 1}, "conflicts": 0, "resolved": 1, "unresolved": 0}
_ test_required_corrections_fail_before_output_in_every_cli_mode[omitted-filtered_validate-review] _

tmp_path = WindowsPath('C:/Users/Icezaza/AppData/Local/Temp/creator-task6-fix1-tests/test_required_corrections_fail2')
capsys = <_pytest.capture.CaptureFixture object at 0x000002203E5362D0>
source = 'review', mode = 'filtered_validate', supplied = 'omitted'

    @pytest.mark.parametrize('source', ['review', 'research'])
    @pytest.mark.parametrize('mode', ['fresh', 'filtered_validate', 'full_validate', 'merge'])
    @pytest.mark.parametrize('supplied', ['omitted', 'partial', 'stale', 'extra_conflicting'])
    def test_required_corrections_fail_before_output_in_every_cli_mode(tmp_path, capsys, source, mode, supplied):
        args, path, corrections, _ = required_correction_cli(tmp_path, source)
        output = tmp_path / 'ledger.json'
        original = None
        if mode == 'merge':
            assert main(args + ['--trusted-link-corrections', str(path), '--output', str(output)]) == 0
            original = output.read_bytes()
            args += ['--merge-existing', str(output)]
        elif mode == 'filtered_validate':
            args += ['--platform', 'x', '--validate-only']
        elif mode == 'full_validate':
            args += ['--validate-only']
        else:
            args += ['--queue']
        if supplied != 'omitted':
            if supplied == 'partial':
                corrections['corrections'] = corrections['corrections'][:1]
            elif supplied == 'stale':
                corrections['corrections'][0]['summary'] += ' Changed after approval.'
            else:
                corrections['corrections'].append(dict(corrections['corrections'][0], summary='Conflicting extra record.'))
            path.write_text(json.dumps(corrections), encoding='utf-8')
            args += ['--trusted-link-corrections', str(path)]
        capsys.readouterr()
>       assert main(args + ['--output', str(output)]) == 1
E       AssertionError: assert 0 == 1
E        +  where 0 = main((['--review-bundle', 'C:\\Users\\Icezaza\\AppData\\Local\\Temp\\creator-task6-fix1-tests\\test_required_corrections_fai...\Icezaza\\AppData\\Local\\Temp\\creator-task6-fix1-tests\\test_required_corrections_fail2\\trusted-registry.json', ...] + ['--output', 'C:\\Users\\Icezaza\\AppData\\Local\\Temp\\creator-task6-fix1-tests\\test_required_corrections_fail2\\ledger.json']))

tests\test_creator_identity_resolution.py:688: AssertionError
---------------------------- Captured stdout call -----------------------------
{"accepted": 1, "by_method": {"verified_registry_link": 1}, "by_outcome": {"existing_persona": 1}, "by_platform": {"x": 1}, "conflicts": 0, "resolved": 1, "unresolved": 0}
_ test_required_corrections_fail_before_output_in_every_cli_mode[omitted-filtered_validate-research] _

tmp_path = WindowsPath('C:/Users/Icezaza/AppData/Local/Temp/creator-task6-fix1-tests/test_required_corrections_fail3')
capsys = <_pytest.capture.CaptureFixture object at 0x000002203E457250>
source = 'research', mode = 'filtered_validate', supplied = 'omitted'

    @pytest.mark.parametrize('source', ['review', 'research'])
    @pytest.mark.parametrize('mode', ['fresh', 'filtered_validate', 'full_validate', 'merge'])
    @pytest.mark.parametrize('supplied', ['omitted', 'partial', 'stale', 'extra_conflicting'])
    def test_required_corrections_fail_before_output_in_every_cli_mode(tmp_path, capsys, source, mode, supplied):
        args, path, corrections, _ = required_correction_cli(tmp_path, source)
        output = tmp_path / 'ledger.json'
        original = None
        if mode == 'merge':
            assert main(args + ['--trusted-link-corrections', str(path), '--output', str(output)]) == 0
            original = output.read_bytes()
            args += ['--merge-existing', str(output)]
        elif mode == 'filtered_validate':
            args += ['--platform', 'x', '--validate-only']
        elif mode == 'full_validate':
            args += ['--validate-only']
        else:
            args += ['--queue']
        if supplied != 'omitted':
            if supplied == 'partial':
                corrections['corrections'] = corrections['corrections'][:1]
            elif supplied == 'stale':
                corrections['corrections'][0]['summary'] += ' Changed after approval.'
            else:
                corrections['corrections'].append(dict(corrections['corrections'][0], summary='Conflicting extra record.'))
            path.write_text(json.dumps(corrections), encoding='utf-8')
            args += ['--trusted-link-corrections', str(path)]
        capsys.readouterr()
>       assert main(args + ['--output', str(output)]) == 1
E       AssertionError: assert 0 == 1
E        +  where 0 = main((['--review-bundle', 'C:\\Users\\Icezaza\\AppData\\Local\\Temp\\creator-task6-fix1-tests\\test_required_corrections_fai...\Icezaza\\AppData\\Local\\Temp\\creator-task6-fix1-tests\\test_required_corrections_fail3\\trusted-registry.json', ...] + ['--output', 'C:\\Users\\Icezaza\\AppData\\Local\\Temp\\creator-task6-fix1-tests\\test_required_corrections_fail3\\ledger.json']))

tests\test_creator_identity_resolution.py:688: AssertionError
---------------------------- Captured stdout call -----------------------------
{"accepted": 1, "by_method": {"verified_registry_link": 1}, "by_outcome": {"existing_persona": 1}, "by_platform": {"x": 1}, "conflicts": 0, "resolved": 1, "unresolved": 0}
_ test_required_corrections_fail_before_output_in_every_cli_mode[omitted-full_validate-review] _

tmp_path = WindowsPath('C:/Users/Icezaza/AppData/Local/Temp/creator-task6-fix1-tests/test_required_corrections_fail4')
capsys = <_pytest.capture.CaptureFixture object at 0x000002203E537D50>
source = 'review', mode = 'full_validate', supplied = 'omitted'

    @pytest.mark.parametrize('source', ['review', 'research'])
    @pytest.mark.parametrize('mode', ['fresh', 'filtered_validate', 'full_validate', 'merge'])
    @pytest.mark.parametrize('supplied', ['omitted', 'partial', 'stale', 'extra_conflicting'])
    def test_required_corrections_fail_before_output_in_every_cli_mode(tmp_path, capsys, source, mode, supplied):
        args, path, corrections, _ = required_correction_cli(tmp_path, source)
        output = tmp_path / 'ledger.json'
        original = None
        if mode == 'merge':
            assert main(args + ['--trusted-link-corrections', str(path), '--output', str(output)]) == 0
            original = output.read_bytes()
            args += ['--merge-existing', str(output)]
        elif mode == 'filtered_validate':
            args += ['--platform', 'x', '--validate-only']
        elif mode == 'full_validate':
            args += ['--validate-only']
        else:
            args += ['--queue']
        if supplied != 'omitted':
            if supplied == 'partial':
                corrections['corrections'] = corrections['corrections'][:1]
            elif supplied == 'stale':
                corrections['corrections'][0]['summary'] += ' Changed after approval.'
            else:
                corrections['corrections'].append(dict(corrections['corrections'][0], summary='Conflicting extra record.'))
            path.write_text(json.dumps(corrections), encoding='utf-8')
            args += ['--trusted-link-corrections', str(path)]
        capsys.readouterr()
>       assert main(args + ['--output', str(output)]) == 1
E       AssertionError: assert 0 == 1
E        +  where 0 = main((['--review-bundle', 'C:\\Users\\Icezaza\\AppData\\Local\\Temp\\creator-task6-fix1-tests\\test_required_corrections_fai...\Icezaza\\AppData\\Local\\Temp\\creator-task6-fix1-tests\\test_required_corrections_fail4\\trusted-registry.json', ...] + ['--output', 'C:\\Users\\Icezaza\\AppData\\Local\\Temp\\creator-task6-fix1-tests\\test_required_corrections_fail4\\ledger.json']))

tests\test_creator_identity_resolution.py:688: AssertionError
---------------------------- Captured stdout call -----------------------------
{"accepted": 1, "by_method": {"verified_registry_link": 1}, "by_outcome": {"existing_persona": 1}, "by_platform": {"x": 1}, "conflicts": 0, "resolved": 1, "unresolved": 0}
_ test_required_corrections_fail_before_output_in_every_cli_mode[omitted-full_validate-research] _

tmp_path = WindowsPath('C:/Users/Icezaza/AppData/Local/Temp/creator-task6-fix1-tests/test_required_corrections_fail5')
capsys = <_pytest.capture.CaptureFixture object at 0x000002203E4B93D0>
source = 'research', mode = 'full_validate', supplied = 'omitted'

    @pytest.mark.parametrize('source', ['review', 'research'])
    @pytest.mark.parametrize('mode', ['fresh', 'filtered_validate', 'full_validate', 'merge'])
    @pytest.mark.parametrize('supplied', ['omitted', 'partial', 'stale', 'extra_conflicting'])
    def test_required_corrections_fail_before_output_in_every_cli_mode(tmp_path, capsys, source, mode, supplied):
        args, path, corrections, _ = required_correction_cli(tmp_path, source)
        output = tmp_path / 'ledger.json'
        original = None
        if mode == 'merge':
            assert main(args + ['--trusted-link-corrections', str(path), '--output', str(output)]) == 0
            original = output.read_bytes()
            args += ['--merge-existing', str(output)]
        elif mode == 'filtered_validate':
            args += ['--platform', 'x', '--validate-only']
        elif mode == 'full_validate':
            args += ['--validate-only']
        else:
            args += ['--queue']
        if supplied != 'omitted':
            if supplied == 'partial':
                corrections['corrections'] = corrections['corrections'][:1]
            elif supplied == 'stale':
                corrections['corrections'][0]['summary'] += ' Changed after approval.'
            else:
                corrections['corrections'].append(dict(corrections['corrections'][0], summary='Conflicting extra record.'))
            path.write_text(json.dumps(corrections), encoding='utf-8')
            args += ['--trusted-link-corrections', str(path)]
        capsys.readouterr()
>       assert main(args + ['--output', str(output)]) == 1
E       AssertionError: assert 0 == 1
E        +  where 0 = main((['--review-bundle', 'C:\\Users\\Icezaza\\AppData\\Local\\Temp\\creator-task6-fix1-tests\\test_required_corrections_fai...\Icezaza\\AppData\\Local\\Temp\\creator-task6-fix1-tests\\test_required_corrections_fail5\\trusted-registry.json', ...] + ['--output', 'C:\\Users\\Icezaza\\AppData\\Local\\Temp\\creator-task6-fix1-tests\\test_required_corrections_fail5\\ledger.json']))

tests\test_creator_identity_resolution.py:688: AssertionError
---------------------------- Captured stdout call -----------------------------
{"accepted": 1, "by_method": {"verified_registry_link": 1}, "by_outcome": {"existing_persona": 1}, "by_platform": {"x": 1}, "conflicts": 0, "resolved": 1, "unresolved": 0}
_ test_required_corrections_fail_before_output_in_every_cli_mode[partial-fresh-review] _

tmp_path = WindowsPath('C:/Users/Icezaza/AppData/Local/Temp/creator-task6-fix1-tests/test_required_corrections_fail8')
capsys = <_pytest.capture.CaptureFixture object at 0x000002203E4BA8D0>
source = 'review', mode = 'fresh', supplied = 'partial'

    @pytest.mark.parametrize('source', ['review', 'research'])
    @pytest.mark.parametrize('mode', ['fresh', 'filtered_validate', 'full_validate', 'merge'])
    @pytest.mark.parametrize('supplied', ['omitted', 'partial', 'stale', 'extra_conflicting'])
    def test_required_corrections_fail_before_output_in_every_cli_mode(tmp_path, capsys, source, mode, supplied):
        args, path, corrections, _ = required_correction_cli(tmp_path, source)
        output = tmp_path / 'ledger.json'
        original = None
        if mode == 'merge':
            assert main(args + ['--trusted-link-corrections', str(path), '--output', str(output)]) == 0
            original = output.read_bytes()
            args += ['--merge-existing', str(output)]
        elif mode == 'filtered_validate':
            args += ['--platform', 'x', '--validate-only']
        elif mode == 'full_validate':
            args += ['--validate-only']
        else:
            args += ['--queue']
        if supplied != 'omitted':
            if supplied == 'partial':
                corrections['corrections'] = corrections['corrections'][:1]
            elif supplied == 'stale':
                corrections['corrections'][0]['summary'] += ' Changed after approval.'
            else:
                corrections['corrections'].append(dict(corrections['corrections'][0], summary='Conflicting extra record.'))
            path.write_text(json.dumps(corrections), encoding='utf-8')
            args += ['--trusted-link-corrections', str(path)]
        capsys.readouterr()
>       assert main(args + ['--output', str(output)]) == 1
E       AssertionError: assert 0 == 1
E        +  where 0 = main((['--review-bundle', 'C:\\Users\\Icezaza\\AppData\\Local\\Temp\\creator-task6-fix1-tests\\test_required_corrections_fai...\Icezaza\\AppData\\Local\\Temp\\creator-task6-fix1-tests\\test_required_corrections_fail8\\trusted-registry.json', ...] + ['--output', 'C:\\Users\\Icezaza\\AppData\\Local\\Temp\\creator-task6-fix1-tests\\test_required_corrections_fail8\\ledger.json']))

tests\test_creator_identity_resolution.py:688: AssertionError
---------------------------- Captured stdout call -----------------------------
{"accepted": 1, "by_method": {"explicit_official_identity": 1}, "by_outcome": {"new_persona": 1}, "by_platform": {"x": 1}, "conflicts": 0, "resolved": 1, "unresolved": 0}
_ test_required_corrections_fail_before_output_in_every_cli_mode[partial-fresh-research] _

tmp_path = WindowsPath('C:/Users/Icezaza/AppData/Local/Temp/creator-task6-fix1-tests/test_required_corrections_fail9')
capsys = <_pytest.capture.CaptureFixture object at 0x000002203E4700D0>
source = 'research', mode = 'fresh', supplied = 'partial'

    @pytest.mark.parametrize('source', ['review', 'research'])
    @pytest.mark.parametrize('mode', ['fresh', 'filtered_validate', 'full_validate', 'merge'])
    @pytest.mark.parametrize('supplied', ['omitted', 'partial', 'stale', 'extra_conflicting'])
    def test_required_corrections_fail_before_output_in_every_cli_mode(tmp_path, capsys, source, mode, supplied):
        args, path, corrections, _ = required_correction_cli(tmp_path, source)
        output = tmp_path / 'ledger.json'
        original = None
        if mode == 'merge':
            assert main(args + ['--trusted-link-corrections', str(path), '--output', str(output)]) == 0
            original = output.read_bytes()
            args += ['--merge-existing', str(output)]
        elif mode == 'filtered_validate':
            args += ['--platform', 'x', '--validate-only']
        elif mode == 'full_validate':
            args += ['--validate-only']
        else:
            args += ['--queue']
        if supplied != 'omitted':
            if supplied == 'partial':
                corrections['corrections'] = corrections['corrections'][:1]
            elif supplied == 'stale':
                corrections['corrections'][0]['summary'] += ' Changed after approval.'
            else:
                corrections['corrections'].append(dict(corrections['corrections'][0], summary='Conflicting extra record.'))
            path.write_text(json.dumps(corrections), encoding='utf-8')
            args += ['--trusted-link-corrections', str(path)]
        capsys.readouterr()
>       assert main(args + ['--output', str(output)]) == 1
E       AssertionError: assert 0 == 1
E        +  where 0 = main((['--review-bundle', 'C:\\Users\\Icezaza\\AppData\\Local\\Temp\\creator-task6-fix1-tests\\test_required_corrections_fai...\Icezaza\\AppData\\Local\\Temp\\creator-task6-fix1-tests\\test_required_corrections_fail9\\trusted-registry.json', ...] + ['--output', 'C:\\Users\\Icezaza\\AppData\\Local\\Temp\\creator-task6-fix1-tests\\test_required_corrections_fail9\\ledger.json']))

tests\test_creator_identity_resolution.py:688: AssertionError
---------------------------- Captured stdout call -----------------------------
{"accepted": 1, "by_method": {"explicit_official_identity": 1}, "by_outcome": {"new_persona": 1}, "by_platform": {"x": 1}, "conflicts": 0, "resolved": 1, "unresolved": 0}
_ test_required_corrections_fail_before_output_in_every_cli_mode[partial-filtered_validate-review] _

tmp_path = WindowsPath('C:/Users/Icezaza/AppData/Local/Temp/creator-task6-fix1-tests/test_required_corrections_fail10')
capsys = <_pytest.capture.CaptureFixture object at 0x000002203E4559D0>
source = 'review', mode = 'filtered_validate', supplied = 'partial'

    @pytest.mark.parametrize('source', ['review', 'research'])
    @pytest.mark.parametrize('mode', ['fresh', 'filtered_validate', 'full_validate', 'merge'])
    @pytest.mark.parametrize('supplied', ['omitted', 'partial', 'stale', 'extra_conflicting'])
    def test_required_corrections_fail_before_output_in_every_cli_mode(tmp_path, capsys, source, mode, supplied):
        args, path, corrections, _ = required_correction_cli(tmp_path, source)
        output = tmp_path / 'ledger.json'
        original = None
        if mode == 'merge':
            assert main(args + ['--trusted-link-corrections', str(path), '--output', str(output)]) == 0
            original = output.read_bytes()
            args += ['--merge-existing', str(output)]
        elif mode == 'filtered_validate':
            args += ['--platform', 'x', '--validate-only']
        elif mode == 'full_validate':
            args += ['--validate-only']
        else:
            args += ['--queue']
        if supplied != 'omitted':
            if supplied == 'partial':
                corrections['corrections'] = corrections['corrections'][:1]
            elif supplied == 'stale':
                corrections['corrections'][0]['summary'] += ' Changed after approval.'
            else:
                corrections['corrections'].append(dict(corrections['corrections'][0], summary='Conflicting extra record.'))
            path.write_text(json.dumps(corrections), encoding='utf-8')
            args += ['--trusted-link-corrections', str(path)]
        capsys.readouterr()
>       assert main(args + ['--output', str(output)]) == 1
E       AssertionError: assert 0 == 1
E        +  where 0 = main((['--review-bundle', 'C:\\Users\\Icezaza\\AppData\\Local\\Temp\\creator-task6-fix1-tests\\test_required_corrections_fai...Icezaza\\AppData\\Local\\Temp\\creator-task6-fix1-tests\\test_required_corrections_fail10\\trusted-registry.json', ...] + ['--output', 'C:\\Users\\Icezaza\\AppData\\Local\\Temp\\creator-task6-fix1-tests\\test_required_corrections_fail10\\ledger.json']))

tests\test_creator_identity_resolution.py:688: AssertionError
---------------------------- Captured stdout call -----------------------------
{"accepted": 1, "by_method": {"explicit_official_identity": 1}, "by_outcome": {"new_persona": 1}, "by_platform": {"x": 1}, "conflicts": 0, "resolved": 1, "unresolved": 0}
_ test_required_corrections_fail_before_output_in_every_cli_mode[partial-filtered_validate-research] _

tmp_path = WindowsPath('C:/Users/Icezaza/AppData/Local/Temp/creator-task6-fix1-tests/test_required_corrections_fail11')
capsys = <_pytest.capture.CaptureFixture object at 0x000002203E4B9FD0>
source = 'research', mode = 'filtered_validate', supplied = 'partial'

    @pytest.mark.parametrize('source', ['review', 'research'])
    @pytest.mark.parametrize('mode', ['fresh', 'filtered_validate', 'full_validate', 'merge'])
    @pytest.mark.parametrize('supplied', ['omitted', 'partial', 'stale', 'extra_conflicting'])
    def test_required_corrections_fail_before_output_in_every_cli_mode(tmp_path, capsys, source, mode, supplied):
        args, path, corrections, _ = required_correction_cli(tmp_path, source)
        output = tmp_path / 'ledger.json'
        original = None
        if mode == 'merge':
            assert main(args + ['--trusted-link-corrections', str(path), '--output', str(output)]) == 0
            original = output.read_bytes()
            args += ['--merge-existing', str(output)]
        elif mode == 'filtered_validate':
            args += ['--platform', 'x', '--validate-only']
        elif mode == 'full_validate':
            args += ['--validate-only']
        else:
            args += ['--queue']
        if supplied != 'omitted':
            if supplied == 'partial':
                corrections['corrections'] = corrections['corrections'][:1]
            elif supplied == 'stale':
                corrections['corrections'][0]['summary'] += ' Changed after approval.'
            else:
                corrections['corrections'].append(dict(corrections['corrections'][0], summary='Conflicting extra record.'))
            path.write_text(json.dumps(corrections), encoding='utf-8')
            args += ['--trusted-link-corrections', str(path)]
        capsys.readouterr()
>       assert main(args + ['--output', str(output)]) == 1
E       AssertionError: assert 0 == 1
E        +  where 0 = main((['--review-bundle', 'C:\\Users\\Icezaza\\AppData\\Local\\Temp\\creator-task6-fix1-tests\\test_required_corrections_fai...Icezaza\\AppData\\Local\\Temp\\creator-task6-fix1-tests\\test_required_corrections_fail11\\trusted-registry.json', ...] + ['--output', 'C:\\Users\\Icezaza\\AppData\\Local\\Temp\\creator-task6-fix1-tests\\test_required_corrections_fail11\\ledger.json']))

tests\test_creator_identity_resolution.py:688: AssertionError
---------------------------- Captured stdout call -----------------------------
{"accepted": 1, "by_method": {"explicit_official_identity": 1}, "by_outcome": {"new_persona": 1}, "by_platform": {"x": 1}, "conflicts": 0, "resolved": 1, "unresolved": 0}
_ test_required_corrections_fail_before_output_in_every_cli_mode[partial-full_validate-review] _

tmp_path = WindowsPath('C:/Users/Icezaza/AppData/Local/Temp/creator-task6-fix1-tests/test_required_corrections_fail12')
capsys = <_pytest.capture.CaptureFixture object at 0x000002203E473050>
source = 'review', mode = 'full_validate', supplied = 'partial'

    @pytest.mark.parametrize('source', ['review', 'research'])
    @pytest.mark.parametrize('mode', ['fresh', 'filtered_validate', 'full_validate', 'merge'])
    @pytest.mark.parametrize('supplied', ['omitted', 'partial', 'stale', 'extra_conflicting'])
    def test_required_corrections_fail_before_output_in_every_cli_mode(tmp_path, capsys, source, mode, supplied):
        args, path, corrections, _ = required_correction_cli(tmp_path, source)
        output = tmp_path / 'ledger.json'
        original = None
        if mode == 'merge':
            assert main(args + ['--trusted-link-corrections', str(path), '--output', str(output)]) == 0
            original = output.read_bytes()
            args += ['--merge-existing', str(output)]
        elif mode == 'filtered_validate':
            args += ['--platform', 'x', '--validate-only']
        elif mode == 'full_validate':
            args += ['--validate-only']
        else:
            args += ['--queue']
        if supplied != 'omitted':
            if supplied == 'partial':
                corrections['corrections'] = corrections['corrections'][:1]
            elif supplied == 'stale':
                corrections['corrections'][0]['summary'] += ' Changed after approval.'
            else:
                corrections['corrections'].append(dict(corrections['corrections'][0], summary='Conflicting extra record.'))
            path.write_text(json.dumps(corrections), encoding='utf-8')
            args += ['--trusted-link-corrections', str(path)]
        capsys.readouterr()
>       assert main(args + ['--output', str(output)]) == 1
E       AssertionError: assert 0 == 1
E        +  where 0 = main((['--review-bundle', 'C:\\Users\\Icezaza\\AppData\\Local\\Temp\\creator-task6-fix1-tests\\test_required_corrections_fai...Icezaza\\AppData\\Local\\Temp\\creator-task6-fix1-tests\\test_required_corrections_fail12\\trusted-registry.json', ...] + ['--output', 'C:\\Users\\Icezaza\\AppData\\Local\\Temp\\creator-task6-fix1-tests\\test_required_corrections_fail12\\ledger.json']))

tests\test_creator_identity_resolution.py:688: AssertionError
---------------------------- Captured stdout call -----------------------------
{"accepted": 1, "by_method": {"explicit_official_identity": 1}, "by_outcome": {"new_persona": 1}, "by_platform": {"x": 1}, "conflicts": 0, "resolved": 1, "unresolved": 0}
_ test_required_corrections_fail_before_output_in_every_cli_mode[partial-full_validate-research] _

tmp_path = WindowsPath('C:/Users/Icezaza/AppData/Local/Temp/creator-task6-fix1-tests/test_required_corrections_fail13')
capsys = <_pytest.capture.CaptureFixture object at 0x000002203E4563D0>
source = 'research', mode = 'full_validate', supplied = 'partial'

    @pytest.mark.parametrize('source', ['review', 'research'])
    @pytest.mark.parametrize('mode', ['fresh', 'filtered_validate', 'full_validate', 'merge'])
    @pytest.mark.parametrize('supplied', ['omitted', 'partial', 'stale', 'extra_conflicting'])
    def test_required_corrections_fail_before_output_in_every_cli_mode(tmp_path, capsys, source, mode, supplied):
        args, path, corrections, _ = required_correction_cli(tmp_path, source)
        output = tmp_path / 'ledger.json'
        original = None
        if mode == 'merge':
            assert main(args + ['--trusted-link-corrections', str(path), '--output', str(output)]) == 0
            original = output.read_bytes()
            args += ['--merge-existing', str(output)]
        elif mode == 'filtered_validate':
            args += ['--platform', 'x', '--validate-only']
        elif mode == 'full_validate':
            args += ['--validate-only']
        else:
            args += ['--queue']
        if supplied != 'omitted':
            if supplied == 'partial':
                corrections['corrections'] = corrections['corrections'][:1]
            elif supplied == 'stale':
                corrections['corrections'][0]['summary'] += ' Changed after approval.'
            else:
                corrections['corrections'].append(dict(corrections['corrections'][0], summary='Conflicting extra record.'))
            path.write_text(json.dumps(corrections), encoding='utf-8')
            args += ['--trusted-link-corrections', str(path)]
        capsys.readouterr()
>       assert main(args + ['--output', str(output)]) == 1
E       AssertionError: assert 0 == 1
E        +  where 0 = main((['--review-bundle', 'C:\\Users\\Icezaza\\AppData\\Local\\Temp\\creator-task6-fix1-tests\\test_required_corrections_fai...Icezaza\\AppData\\Local\\Temp\\creator-task6-fix1-tests\\test_required_corrections_fail13\\trusted-registry.json', ...] + ['--output', 'C:\\Users\\Icezaza\\AppData\\Local\\Temp\\creator-task6-fix1-tests\\test_required_corrections_fail13\\ledger.json']))

tests\test_creator_identity_resolution.py:688: AssertionError
---------------------------- Captured stdout call -----------------------------
{"accepted": 1, "by_method": {"explicit_official_identity": 1}, "by_outcome": {"new_persona": 1}, "by_platform": {"x": 1}, "conflicts": 0, "resolved": 1, "unresolved": 0}
_ test_required_corrections_fail_before_output_in_every_cli_mode[stale-fresh-review] _

tmp_path = WindowsPath('C:/Users/Icezaza/AppData/Local/Temp/creator-task6-fix1-tests/test_required_corrections_fail16')
capsys = <_pytest.capture.CaptureFixture object at 0x000002203E5371D0>
source = 'review', mode = 'fresh', supplied = 'stale'

    @pytest.mark.parametrize('source', ['review', 'research'])
    @pytest.mark.parametrize('mode', ['fresh', 'filtered_validate', 'full_validate', 'merge'])
    @pytest.mark.parametrize('supplied', ['omitted', 'partial', 'stale', 'extra_conflicting'])
    def test_required_corrections_fail_before_output_in_every_cli_mode(tmp_path, capsys, source, mode, supplied):
        args, path, corrections, _ = required_correction_cli(tmp_path, source)
        output = tmp_path / 'ledger.json'
        original = None
        if mode == 'merge':
            assert main(args + ['--trusted-link-corrections', str(path), '--output', str(output)]) == 0
            original = output.read_bytes()
            args += ['--merge-existing', str(output)]
        elif mode == 'filtered_validate':
            args += ['--platform', 'x', '--validate-only']
        elif mode == 'full_validate':
            args += ['--validate-only']
        else:
            args += ['--queue']
        if supplied != 'omitted':
            if supplied == 'partial':
                corrections['corrections'] = corrections['corrections'][:1]
            elif supplied == 'stale':
                corrections['corrections'][0]['summary'] += ' Changed after approval.'
            else:
                corrections['corrections'].append(dict(corrections['corrections'][0], summary='Conflicting extra record.'))
            path.write_text(json.dumps(corrections), encoding='utf-8')
            args += ['--trusted-link-corrections', str(path)]
        capsys.readouterr()
>       assert main(args + ['--output', str(output)]) == 1
E       AssertionError: assert 0 == 1
E        +  where 0 = main((['--review-bundle', 'C:\\Users\\Icezaza\\AppData\\Local\\Temp\\creator-task6-fix1-tests\\test_required_corrections_fai...Icezaza\\AppData\\Local\\Temp\\creator-task6-fix1-tests\\test_required_corrections_fail16\\trusted-registry.json', ...] + ['--output', 'C:\\Users\\Icezaza\\AppData\\Local\\Temp\\creator-task6-fix1-tests\\test_required_corrections_fail16\\ledger.json']))

tests\test_creator_identity_resolution.py:688: AssertionError
---------------------------- Captured stdout call -----------------------------
{"accepted": 1, "by_method": {"explicit_official_identity": 1}, "by_outcome": {"new_persona": 1}, "by_platform": {"x": 1}, "conflicts": 0, "resolved": 1, "unresolved": 0}
_ test_required_corrections_fail_before_output_in_every_cli_mode[stale-fresh-research] _

tmp_path = WindowsPath('C:/Users/Icezaza/AppData/Local/Temp/creator-task6-fix1-tests/test_required_corrections_fail17')
capsys = <_pytest.capture.CaptureFixture object at 0x000002203E457150>
source = 'research', mode = 'fresh', supplied = 'stale'

    @pytest.mark.parametrize('source', ['review', 'research'])
    @pytest.mark.parametrize('mode', ['fresh', 'filtered_validate', 'full_validate', 'merge'])
    @pytest.mark.parametrize('supplied', ['omitted', 'partial', 'stale', 'extra_conflicting'])
    def test_required_corrections_fail_before_output_in_every_cli_mode(tmp_path, capsys, source, mode, supplied):
        args, path, corrections, _ = required_correction_cli(tmp_path, source)
        output = tmp_path / 'ledger.json'
        original = None
        if mode == 'merge':
            assert main(args + ['--trusted-link-corrections', str(path), '--output', str(output)]) == 0
            original = output.read_bytes()
            args += ['--merge-existing', str(output)]
        elif mode == 'filtered_validate':
            args += ['--platform', 'x', '--validate-only']
        elif mode == 'full_validate':
            args += ['--validate-only']
        else:
            args += ['--queue']
        if supplied != 'omitted':
            if supplied == 'partial':
                corrections['corrections'] = corrections['corrections'][:1]
            elif supplied == 'stale':
                corrections['corrections'][0]['summary'] += ' Changed after approval.'
            else:
                corrections['corrections'].append(dict(corrections['corrections'][0], summary='Conflicting extra record.'))
            path.write_text(json.dumps(corrections), encoding='utf-8')
            args += ['--trusted-link-corrections', str(path)]
        capsys.readouterr()
>       assert main(args + ['--output', str(output)]) == 1
E       AssertionError: assert 0 == 1
E        +  where 0 = main((['--review-bundle', 'C:\\Users\\Icezaza\\AppData\\Local\\Temp\\creator-task6-fix1-tests\\test_required_corrections_fai...Icezaza\\AppData\\Local\\Temp\\creator-task6-fix1-tests\\test_required_corrections_fail17\\trusted-registry.json', ...] + ['--output', 'C:\\Users\\Icezaza\\AppData\\Local\\Temp\\creator-task6-fix1-tests\\test_required_corrections_fail17\\ledger.json']))

tests\test_creator_identity_resolution.py:688: AssertionError
---------------------------- Captured stdout call -----------------------------
{"accepted": 1, "by_method": {"explicit_official_identity": 1}, "by_outcome": {"new_persona": 1}, "by_platform": {"x": 1}, "conflicts": 0, "resolved": 1, "unresolved": 0}
_ test_required_corrections_fail_before_output_in_every_cli_mode[stale-filtered_validate-review] _

tmp_path = WindowsPath('C:/Users/Icezaza/AppData/Local/Temp/creator-task6-fix1-tests/test_required_corrections_fail18')
capsys = <_pytest.capture.CaptureFixture object at 0x000002203E535A50>
source = 'review', mode = 'filtered_validate', supplied = 'stale'

    @pytest.mark.parametrize('source', ['review', 'research'])
    @pytest.mark.parametrize('mode', ['fresh', 'filtered_validate', 'full_validate', 'merge'])
    @pytest.mark.parametrize('supplied', ['omitted', 'partial', 'stale', 'extra_conflicting'])
    def test_required_corrections_fail_before_output_in_every_cli_mode(tmp_path, capsys, source, mode, supplied):
        args, path, corrections, _ = required_correction_cli(tmp_path, source)
        output = tmp_path / 'ledger.json'
        original = None
        if mode == 'merge':
            assert main(args + ['--trusted-link-corrections', str(path), '--output', str(output)]) == 0
            original = output.read_bytes()
            args += ['--merge-existing', str(output)]
        elif mode == 'filtered_validate':
            args += ['--platform', 'x', '--validate-only']
        elif mode == 'full_validate':
            args += ['--validate-only']
        else:
            args += ['--queue']
        if supplied != 'omitted':
            if supplied == 'partial':
                corrections['corrections'] = corrections['corrections'][:1]
            elif supplied == 'stale':
                corrections['corrections'][0]['summary'] += ' Changed after approval.'
            else:
                corrections['corrections'].append(dict(corrections['corrections'][0], summary='Conflicting extra record.'))
            path.write_text(json.dumps(corrections), encoding='utf-8')
            args += ['--trusted-link-corrections', str(path)]
        capsys.readouterr()
>       assert main(args + ['--output', str(output)]) == 1
E       AssertionError: assert 0 == 1
E        +  where 0 = main((['--review-bundle', 'C:\\Users\\Icezaza\\AppData\\Local\\Temp\\creator-task6-fix1-tests\\test_required_corrections_fai...Icezaza\\AppData\\Local\\Temp\\creator-task6-fix1-tests\\test_required_corrections_fail18\\trusted-registry.json', ...] + ['--output', 'C:\\Users\\Icezaza\\AppData\\Local\\Temp\\creator-task6-fix1-tests\\test_required_corrections_fail18\\ledger.json']))

tests\test_creator_identity_resolution.py:688: AssertionError
---------------------------- Captured stdout call -----------------------------
{"accepted": 1, "by_method": {"explicit_official_identity": 1}, "by_outcome": {"new_persona": 1}, "by_platform": {"x": 1}, "conflicts": 0, "resolved": 1, "unresolved": 0}
_ test_required_corrections_fail_before_output_in_every_cli_mode[stale-filtered_validate-research] _

tmp_path = WindowsPath('C:/Users/Icezaza/AppData/Local/Temp/creator-task6-fix1-tests/test_required_corrections_fail19')
capsys = <_pytest.capture.CaptureFixture object at 0x000002203E4D57D0>
source = 'research', mode = 'filtered_validate', supplied = 'stale'

    @pytest.mark.parametrize('source', ['review', 'research'])
    @pytest.mark.parametrize('mode', ['fresh', 'filtered_validate', 'full_validate', 'merge'])
    @pytest.mark.parametrize('supplied', ['omitted', 'partial', 'stale', 'extra_conflicting'])
    def test_required_corrections_fail_before_output_in_every_cli_mode(tmp_path, capsys, source, mode, supplied):
        args, path, corrections, _ = required_correction_cli(tmp_path, source)
        output = tmp_path / 'ledger.json'
        original = None
        if mode == 'merge':
            assert main(args + ['--trusted-link-corrections', str(path), '--output', str(output)]) == 0
            original = output.read_bytes()
            args += ['--merge-existing', str(output)]
        elif mode == 'filtered_validate':
            args += ['--platform', 'x', '--validate-only']
        elif mode == 'full_validate':
            args += ['--validate-only']
        else:
            args += ['--queue']
        if supplied != 'omitted':
            if supplied == 'partial':
                corrections['corrections'] = corrections['corrections'][:1]
            elif supplied == 'stale':
                corrections['corrections'][0]['summary'] += ' Changed after approval.'
            else:
                corrections['corrections'].append(dict(corrections['corrections'][0], summary='Conflicting extra record.'))
            path.write_text(json.dumps(corrections), encoding='utf-8')
            args += ['--trusted-link-corrections', str(path)]
        capsys.readouterr()
>       assert main(args + ['--output', str(output)]) == 1
E       AssertionError: assert 0 == 1
E        +  where 0 = main((['--review-bundle', 'C:\\Users\\Icezaza\\AppData\\Local\\Temp\\creator-task6-fix1-tests\\test_required_corrections_fai...Icezaza\\AppData\\Local\\Temp\\creator-task6-fix1-tests\\test_required_corrections_fail19\\trusted-registry.json', ...] + ['--output', 'C:\\Users\\Icezaza\\AppData\\Local\\Temp\\creator-task6-fix1-tests\\test_required_corrections_fail19\\ledger.json']))

tests\test_creator_identity_resolution.py:688: AssertionError
---------------------------- Captured stdout call -----------------------------
{"accepted": 1, "by_method": {"explicit_official_identity": 1}, "by_outcome": {"new_persona": 1}, "by_platform": {"x": 1}, "conflicts": 0, "resolved": 1, "unresolved": 0}
_ test_required_corrections_fail_before_output_in_every_cli_mode[stale-full_validate-review] _

tmp_path = WindowsPath('C:/Users/Icezaza/AppData/Local/Temp/creator-task6-fix1-tests/test_required_corrections_fail20')
capsys = <_pytest.capture.CaptureFixture object at 0x000002203E5358D0>
source = 'review', mode = 'full_validate', supplied = 'stale'

    @pytest.mark.parametrize('source', ['review', 'research'])
    @pytest.mark.parametrize('mode', ['fresh', 'filtered_validate', 'full_validate', 'merge'])
    @pytest.mark.parametrize('supplied', ['omitted', 'partial', 'stale', 'extra_conflicting'])
    def test_required_corrections_fail_before_output_in_every_cli_mode(tmp_path, capsys, source, mode, supplied):
        args, path, corrections, _ = required_correction_cli(tmp_path, source)
        output = tmp_path / 'ledger.json'
        original = None
        if mode == 'merge':
            assert main(args + ['--trusted-link-corrections', str(path), '--output', str(output)]) == 0
            original = output.read_bytes()
            args += ['--merge-existing', str(output)]
        elif mode == 'filtered_validate':
            args += ['--platform', 'x', '--validate-only']
        elif mode == 'full_validate':
            args += ['--validate-only']
        else:
            args += ['--queue']
        if supplied != 'omitted':
            if supplied == 'partial':
                corrections['corrections'] = corrections['corrections'][:1]
            elif supplied == 'stale':
                corrections['corrections'][0]['summary'] += ' Changed after approval.'
            else:
                corrections['corrections'].append(dict(corrections['corrections'][0], summary='Conflicting extra record.'))
            path.write_text(json.dumps(corrections), encoding='utf-8')
            args += ['--trusted-link-corrections', str(path)]
        capsys.readouterr()
>       assert main(args + ['--output', str(output)]) == 1
E       AssertionError: assert 0 == 1
E        +  where 0 = main((['--review-bundle', 'C:\\Users\\Icezaza\\AppData\\Local\\Temp\\creator-task6-fix1-tests\\test_required_corrections_fai...Icezaza\\AppData\\Local\\Temp\\creator-task6-fix1-tests\\test_required_corrections_fail20\\trusted-registry.json', ...] + ['--output', 'C:\\Users\\Icezaza\\AppData\\Local\\Temp\\creator-task6-fix1-tests\\test_required_corrections_fail20\\ledger.json']))

tests\test_creator_identity_resolution.py:688: AssertionError
---------------------------- Captured stdout call -----------------------------
{"accepted": 1, "by_method": {"explicit_official_identity": 1}, "by_outcome": {"new_persona": 1}, "by_platform": {"x": 1}, "conflicts": 0, "resolved": 1, "unresolved": 0}
_ test_required_corrections_fail_before_output_in_every_cli_mode[stale-full_validate-research] _

tmp_path = WindowsPath('C:/Users/Icezaza/AppData/Local/Temp/creator-task6-fix1-tests/test_required_corrections_fail21')
capsys = <_pytest.capture.CaptureFixture object at 0x000002203E4B85D0>
source = 'research', mode = 'full_validate', supplied = 'stale'

    @pytest.mark.parametrize('source', ['review', 'research'])
    @pytest.mark.parametrize('mode', ['fresh', 'filtered_validate', 'full_validate', 'merge'])
    @pytest.mark.parametrize('supplied', ['omitted', 'partial', 'stale', 'extra_conflicting'])
    def test_required_corrections_fail_before_output_in_every_cli_mode(tmp_path, capsys, source, mode, supplied):
        args, path, corrections, _ = required_correction_cli(tmp_path, source)
        output = tmp_path / 'ledger.json'
        original = None
        if mode == 'merge':
            assert main(args + ['--trusted-link-corrections', str(path), '--output', str(output)]) == 0
            original = output.read_bytes()
            args += ['--merge-existing', str(output)]
        elif mode == 'filtered_validate':
            args += ['--platform', 'x', '--validate-only']
        elif mode == 'full_validate':
            args += ['--validate-only']
        else:
            args += ['--queue']
        if supplied != 'omitted':
            if supplied == 'partial':
                corrections['corrections'] = corrections['corrections'][:1]
            elif supplied == 'stale':
                corrections['corrections'][0]['summary'] += ' Changed after approval.'
            else:
                corrections['corrections'].append(dict(corrections['corrections'][0], summary='Conflicting extra record.'))
            path.write_text(json.dumps(corrections), encoding='utf-8')
            args += ['--trusted-link-corrections', str(path)]
        capsys.readouterr()
>       assert main(args + ['--output', str(output)]) == 1
E       AssertionError: assert 0 == 1
E        +  where 0 = main((['--review-bundle', 'C:\\Users\\Icezaza\\AppData\\Local\\Temp\\creator-task6-fix1-tests\\test_required_corrections_fai...Icezaza\\AppData\\Local\\Temp\\creator-task6-fix1-tests\\test_required_corrections_fail21\\trusted-registry.json', ...] + ['--output', 'C:\\Users\\Icezaza\\AppData\\Local\\Temp\\creator-task6-fix1-tests\\test_required_corrections_fail21\\ledger.json']))

tests\test_creator_identity_resolution.py:688: AssertionError
---------------------------- Captured stdout call -----------------------------
{"accepted": 1, "by_method": {"explicit_official_identity": 1}, "by_outcome": {"new_persona": 1}, "by_platform": {"x": 1}, "conflicts": 0, "resolved": 1, "unresolved": 0}
_ test_complete_required_corrections_succeed_in_every_cli_mode[fresh-review] __

tmp_path = WindowsPath('C:/Users/Icezaza/AppData/Local/Temp/creator-task6-fix1-tests/test_complete_required_correct0')
source = 'review', mode = 'fresh'

    @pytest.mark.parametrize('source', ['review', 'research'])
    @pytest.mark.parametrize('mode', ['fresh', 'filtered_validate', 'full_validate', 'merge'])
    def test_complete_required_corrections_succeed_in_every_cli_mode(tmp_path, source, mode):
        args, path, _, manifest = required_correction_cli(tmp_path, source)
        args += ['--trusted-link-corrections', str(path)]
        output = tmp_path / 'ledger.json'
        if mode == 'merge':
            assert main(args + ['--output', str(output)]) == 0
            original = output.read_bytes()
            args += ['--merge-existing', str(output)]
        elif mode == 'filtered_validate':
            args += ['--platform', 'x', '--validate-only']
        elif mode == 'full_validate':
            args += ['--validate-only']
        assert main(args + ['--output', str(output)]) == 0
        if 'validate' in mode:
            assert not output.exists()
        else:
            ledger = json.loads(output.read_text(encoding='utf-8'))
>           assert ledger['required_trusted_link_corrections'] == manifest
                   ^^^^^^^^^^^^^^^^^^^^^^^^^^^^^^^^^^^^^^^^^^^
E           KeyError: 'required_trusted_link_corrections'

tests\test_creator_identity_resolution.py:714: KeyError
---------------------------- Captured stdout call -----------------------------
{"accepted": 1, "by_method": {"explicit_official_identity": 1}, "by_outcome": {"new_persona": 1}, "by_platform": {"x": 1}, "conflicts": 0, "resolved": 1, "unresolved": 0}
_ test_complete_required_corrections_succeed_in_every_cli_mode[fresh-research] _

tmp_path = WindowsPath('C:/Users/Icezaza/AppData/Local/Temp/creator-task6-fix1-tests/test_complete_required_correct1')
source = 'research', mode = 'fresh'

    @pytest.mark.parametrize('source', ['review', 'research'])
    @pytest.mark.parametrize('mode', ['fresh', 'filtered_validate', 'full_validate', 'merge'])
    def test_complete_required_corrections_succeed_in_every_cli_mode(tmp_path, source, mode):
        args, path, _, manifest = required_correction_cli(tmp_path, source)
        args += ['--trusted-link-corrections', str(path)]
        output = tmp_path / 'ledger.json'
        if mode == 'merge':
            assert main(args + ['--output', str(output)]) == 0
            original = output.read_bytes()
            args += ['--merge-existing', str(output)]
        elif mode == 'filtered_validate':
            args += ['--platform', 'x', '--validate-only']
        elif mode == 'full_validate':
            args += ['--validate-only']
        assert main(args + ['--output', str(output)]) == 0
        if 'validate' in mode:
            assert not output.exists()
        else:
            ledger = json.loads(output.read_text(encoding='utf-8'))
>           assert ledger['required_trusted_link_corrections'] == manifest
                   ^^^^^^^^^^^^^^^^^^^^^^^^^^^^^^^^^^^^^^^^^^^
E           KeyError: 'required_trusted_link_corrections'

tests\test_creator_identity_resolution.py:714: KeyError
---------------------------- Captured stdout call -----------------------------
{"accepted": 1, "by_method": {"explicit_official_identity": 1}, "by_outcome": {"new_persona": 1}, "by_platform": {"x": 1}, "conflicts": 0, "resolved": 1, "unresolved": 0}
_ test_complete_required_corrections_succeed_in_every_cli_mode[merge-review] __

tmp_path = WindowsPath('C:/Users/Icezaza/AppData/Local/Temp/creator-task6-fix1-tests/test_complete_required_correct6')
source = 'review', mode = 'merge'

    @pytest.mark.parametrize('source', ['review', 'research'])
    @pytest.mark.parametrize('mode', ['fresh', 'filtered_validate', 'full_validate', 'merge'])
    def test_complete_required_corrections_succeed_in_every_cli_mode(tmp_path, source, mode):
        args, path, _, manifest = required_correction_cli(tmp_path, source)
        args += ['--trusted-link-corrections', str(path)]
        output = tmp_path / 'ledger.json'
        if mode == 'merge':
            assert main(args + ['--output', str(output)]) == 0
            original = output.read_bytes()
            args += ['--merge-existing', str(output)]
        elif mode == 'filtered_validate':
            args += ['--platform', 'x', '--validate-only']
        elif mode == 'full_validate':
            args += ['--validate-only']
        assert main(args + ['--output', str(output)]) == 0
        if 'validate' in mode:
            assert not output.exists()
        else:
            ledger = json.loads(output.read_text(encoding='utf-8'))
>           assert ledger['required_trusted_link_corrections'] == manifest
                   ^^^^^^^^^^^^^^^^^^^^^^^^^^^^^^^^^^^^^^^^^^^
E           KeyError: 'required_trusted_link_corrections'

tests\test_creator_identity_resolution.py:714: KeyError
---------------------------- Captured stdout call -----------------------------
{"accepted": 1, "by_method": {"explicit_official_identity": 1}, "by_outcome": {"new_persona": 1}, "by_platform": {"x": 1}, "conflicts": 0, "resolved": 1, "unresolved": 0}
{"accepted": 1, "by_method": {"explicit_official_identity": 1}, "by_outcome": {"new_persona": 1}, "by_platform": {"x": 1}, "conflicts": 0, "resolved": 1, "unresolved": 0}
_ test_complete_required_corrections_succeed_in_every_cli_mode[merge-research] _

tmp_path = WindowsPath('C:/Users/Icezaza/AppData/Local/Temp/creator-task6-fix1-tests/test_complete_required_correct7')
source = 'research', mode = 'merge'

    @pytest.mark.parametrize('source', ['review', 'research'])
    @pytest.mark.parametrize('mode', ['fresh', 'filtered_validate', 'full_validate', 'merge'])
    def test_complete_required_corrections_succeed_in_every_cli_mode(tmp_path, source, mode):
        args, path, _, manifest = required_correction_cli(tmp_path, source)
        args += ['--trusted-link-corrections', str(path)]
        output = tmp_path / 'ledger.json'
        if mode == 'merge':
            assert main(args + ['--output', str(output)]) == 0
            original = output.read_bytes()
            args += ['--merge-existing', str(output)]
        elif mode == 'filtered_validate':
            args += ['--platform', 'x', '--validate-only']
        elif mode == 'full_validate':
            args += ['--validate-only']
        assert main(args + ['--output', str(output)]) == 0
        if 'validate' in mode:
            assert not output.exists()
        else:
            ledger = json.loads(output.read_text(encoding='utf-8'))
>           assert ledger['required_trusted_link_corrections'] == manifest
                   ^^^^^^^^^^^^^^^^^^^^^^^^^^^^^^^^^^^^^^^^^^^
E           KeyError: 'required_trusted_link_corrections'

tests\test_creator_identity_resolution.py:714: KeyError
---------------------------- Captured stdout call -----------------------------
{"accepted": 1, "by_method": {"explicit_official_identity": 1}, "by_outcome": {"new_persona": 1}, "by_platform": {"x": 1}, "conflicts": 0, "resolved": 1, "unresolved": 0}
{"accepted": 1, "by_method": {"explicit_official_identity": 1}, "by_outcome": {"new_persona": 1}, "by_platform": {"x": 1}, "conflicts": 0, "resolved": 1, "unresolved": 0}
_ test_merged_research_preserves_sorted_correction_requirements_and_rejects_conflicts _

    def test_merged_research_preserves_sorted_correction_requirements_and_rejects_conflicts():
        _, _, manifest = required_corrections_fixture()
        first = {'rows': [researched()], 'required_trusted_link_corrections': manifest[:1]}
        second = {'rows': [], 'required_trusted_link_corrections': manifest[1:]}
        merged = merge_research([second, first, first])
>       assert merged == {'rows': [researched()], 'required_trusted_link_corrections': manifest}
E       AssertionError: assert {'rows': [{'d...lpha'], ...}]} == {'rows': [{'d...e3da8d0739'}]}
E         
E         Omitting 1 identical items, use -vv to show
E         Right contains 1 more item:
E         {'required_trusted_link_corrections': [{'correction_sha256': '97640858e208d416e92bb1561599f397f4aac6271ba548b58960cde5f3c4999c',
E                                                 'link_id': 'link_a_x'},
E                                                {'correction_sha256': '0425788aae47f633c623213f73746cac81b4a732f780edbf031483e3da8d0739',
E                                                 'link_id': 'link_a_yt'}]}
E         Use -v to get more diff

tests\test_creator_identity_resolution.py:726: AssertionError
_______ test_malformed_required_correction_manifest_fails_closed[None] ________

manifest = None

    @pytest.mark.parametrize('manifest', [None, {}, ['link_a_x'], [{'link_id': 'link_a_x'}],
                                         [{'link_id': 'link_a_x', 'correction_sha256': 'invalid'}],
                                         [{'link_id': '', 'correction_sha256': '0' * 64}]])
    def test_malformed_required_correction_manifest_fails_closed(manifest):
>       with pytest.raises(ValueError, match='required trusted link correction'):
             ^^^^^^^^^^^^^^^^^^^^^^^^^^^^^^^^^^^^^^^^^^^^^^^^^^^^^^^^^^^^^^^^^^^
E       Failed: DID NOT RAISE ValueError

tests\test_creator_identity_resolution.py:736: Failed
_____ test_malformed_required_correction_manifest_fails_closed[manifest1] _____

manifest = {}

    @pytest.mark.parametrize('manifest', [None, {}, ['link_a_x'], [{'link_id': 'link_a_x'}],
                                         [{'link_id': 'link_a_x', 'correction_sha256': 'invalid'}],
                                         [{'link_id': '', 'correction_sha256': '0' * 64}]])
    def test_malformed_required_correction_manifest_fails_closed(manifest):
>       with pytest.raises(ValueError, match='required trusted link correction'):
             ^^^^^^^^^^^^^^^^^^^^^^^^^^^^^^^^^^^^^^^^^^^^^^^^^^^^^^^^^^^^^^^^^^^
E       Failed: DID NOT RAISE ValueError

tests\test_creator_identity_resolution.py:736: Failed
_____ test_malformed_required_correction_manifest_fails_closed[manifest2] _____

manifest = ['link_a_x']

    @pytest.mark.parametrize('manifest', [None, {}, ['link_a_x'], [{'link_id': 'link_a_x'}],
                                         [{'link_id': 'link_a_x', 'correction_sha256': 'invalid'}],
                                         [{'link_id': '', 'correction_sha256': '0' * 64}]])
    def test_malformed_required_correction_manifest_fails_closed(manifest):
>       with pytest.raises(ValueError, match='required trusted link correction'):
             ^^^^^^^^^^^^^^^^^^^^^^^^^^^^^^^^^^^^^^^^^^^^^^^^^^^^^^^^^^^^^^^^^^^
E       Failed: DID NOT RAISE ValueError

tests\test_creator_identity_resolution.py:736: Failed
_____ test_malformed_required_correction_manifest_fails_closed[manifest3] _____

manifest = [{'link_id': 'link_a_x'}]

    @pytest.mark.parametrize('manifest', [None, {}, ['link_a_x'], [{'link_id': 'link_a_x'}],
                                         [{'link_id': 'link_a_x', 'correction_sha256': 'invalid'}],
                                         [{'link_id': '', 'correction_sha256': '0' * 64}]])
    def test_malformed_required_correction_manifest_fails_closed(manifest):
>       with pytest.raises(ValueError, match='required trusted link correction'):
             ^^^^^^^^^^^^^^^^^^^^^^^^^^^^^^^^^^^^^^^^^^^^^^^^^^^^^^^^^^^^^^^^^^^
E       Failed: DID NOT RAISE ValueError

tests\test_creator_identity_resolution.py:736: Failed
_____ test_malformed_required_correction_manifest_fails_closed[manifest4] _____

manifest = [{'link_id': 'link_a_x', 'correction_sha256': 'invalid'}]

    @pytest.mark.parametrize('manifest', [None, {}, ['link_a_x'], [{'link_id': 'link_a_x'}],
                                         [{'link_id': 'link_a_x', 'correction_sha256': 'invalid'}],
                                         [{'link_id': '', 'correction_sha256': '0' * 64}]])
    def test_malformed_required_correction_manifest_fails_closed(manifest):
>       with pytest.raises(ValueError, match='required trusted link correction'):
             ^^^^^^^^^^^^^^^^^^^^^^^^^^^^^^^^^^^^^^^^^^^^^^^^^^^^^^^^^^^^^^^^^^^
E       Failed: DID NOT RAISE ValueError

tests\test_creator_identity_resolution.py:736: Failed
_____ test_malformed_required_correction_manifest_fails_closed[manifest5] _____

manifest = [{'link_id': '', 'correction_sha256': '0000000000000000000000000000000000000000000000000000000000000000'}]

    @pytest.mark.parametrize('manifest', [None, {}, ['link_a_x'], [{'link_id': 'link_a_x'}],
                                         [{'link_id': 'link_a_x', 'correction_sha256': 'invalid'}],
                                         [{'link_id': '', 'correction_sha256': '0' * 64}]])
    def test_malformed_required_correction_manifest_fails_closed(manifest):
>       with pytest.raises(ValueError, match='required trusted link correction'):
             ^^^^^^^^^^^^^^^^^^^^^^^^^^^^^^^^^^^^^^^^^^^^^^^^^^^^^^^^^^^^^^^^^^^
E       Failed: DID NOT RAISE ValueError

tests\test_creator_identity_resolution.py:736: Failed
_ test_research_rejected_link_references_require_applied_corrections_even_without_manifest _

    def test_research_rejected_link_references_require_applied_corrections_even_without_manifest():
        registry, corrections = trusted_link_correction_fixture()
        entry = researched()
        entry['existing_persona_search'] = {'rejected_trusted_link_corrections': ['link_a_x']}
>       with pytest.raises(ValueError, match='required trusted link correction'):
             ^^^^^^^^^^^^^^^^^^^^^^^^^^^^^^^^^^^^^^^^^^^^^^^^^^^^^^^^^^^^^^^^^^^
E       Failed: DID NOT RAISE ValueError

tests\test_creator_identity_resolution.py:745: Failed
______ test_review_and_research_correction_requirements_cannot_disagree _______

    def test_review_and_research_correction_requirements_cannot_disagree():
        registry, corrections, manifest = required_corrections_fixture()
        review = dict(REVIEW, required_trusted_link_corrections=manifest)
        research = {'rows': [researched()], 'required_trusted_link_corrections':
                    [dict(manifest[0], correction_sha256='0' * 64)]}
>       with pytest.raises(ValueError, match='conflicting required trusted link correction'):
             ^^^^^^^^^^^^^^^^^^^^^^^^^^^^^^^^^^^^^^^^^^^^^^^^^^^^^^^^^^^^^^^^^^^^^^^^^^^^^^^
E       Failed: DID NOT RAISE ValueError

tests\test_creator_identity_resolution.py:756: Failed
___________ test_production_inputs_pin_all_six_reviewed_corrections ___________

    def test_production_inputs_pin_all_six_reviewed_corrections():
        from scripts.resolve_creator_identities import _record_sha256
        corrections = json.loads((REAL_EVIDENCE / 'trusted_link_corrections.json').read_text(encoding='utf-8'))
        expected = sorted(({'link_id': r['link_id'], 'correction_sha256': _record_sha256(r)}
                           for r in corrections['corrections']), key=lambda r: r['link_id'])
        assert len(expected) == 6
        for path in [REAL_EVIDENCE / 'review_bundle.json', REAL_EVIDENCE / 'identity_research_linked.json', REAL_LEDGER]:
>           assert json.loads(path.read_text(encoding='utf-8'))['required_trusted_link_corrections'] == expected
                   ^^^^^^^^^^^^^^^^^^^^^^^^^^^^^^^^^^^^^^^^^^^^^^^^^^^^^^^^^^^^^^^^^^^^^^^^^^^^^^^^^
E           KeyError: 'required_trusted_link_corrections'

tests\test_creator_identity_resolution.py:830: KeyError
_ test_packager_binds_trusted_correction_content_for_reproducible_resolver_inputs _

review_inputs = (WindowsPath('C:/Users/Icezaza/AppData/Local/Temp/creator-task6-fix1-tests/test_packager_binds_trusted_co0/screening.j...WindowsPath('C:/Users/Icezaza/AppData/Local/Temp/creator-task6-fix1-tests/test_packager_binds_trusted_co0/human.json'))
tmp_path = WindowsPath('C:/Users/Icezaza/AppData/Local/Temp/creator-task6-fix1-tests/test_packager_binds_trusted_co0')

    def test_packager_binds_trusted_correction_content_for_reproducible_resolver_inputs(review_inputs, tmp_path):
        import hashlib
        source = Path(__file__).resolve().parents[1] / 'docs/evidence/creator-registry-review-2026-09-19/trusted_link_corrections.json'
        payload = json.loads(source.read_text(encoding='utf-8'))
        correction_file = write_json(tmp_path / 'trusted-corrections.json', payload)
        expected = sorted(({'link_id': row['link_id'], 'correction_sha256':
                            hashlib.sha256(json.dumps(row, ensure_ascii=False, sort_keys=True, separators=(',', ':')).encode()).hexdigest()}
                           for row in payload['corrections']), key=lambda row: row['link_id'])
>       bundle = package_review_evidence(*review_inputs, trusted_link_correction_paths=[correction_file, correction_file])
                 ^^^^^^^^^^^^^^^^^^^^^^^^^^^^^^^^^^^^^^^^^^^^^^^^^^^^^^^^^^^^^^^^^^^^^^^^^^^^^^^^^^^^^^^^^^^^^^^^^^^^^^^^^
E       TypeError: package_review_evidence() got an unexpected keyword argument 'trusted_link_correction_paths'

tests\test_creator_review_evidence.py:309: TypeError
=========================== short test summary info ===========================
FAILED tests/test_creator_identity_resolution.py::test_required_corrections_fail_before_output_in_every_cli_mode[omitted-fresh-review]
FAILED tests/test_creator_identity_resolution.py::test_required_corrections_fail_before_output_in_every_cli_mode[omitted-fresh-research]
FAILED tests/test_creator_identity_resolution.py::test_required_corrections_fail_before_output_in_every_cli_mode[omitted-filtered_validate-review]
FAILED tests/test_creator_identity_resolution.py::test_required_corrections_fail_before_output_in_every_cli_mode[omitted-filtered_validate-research]
FAILED tests/test_creator_identity_resolution.py::test_required_corrections_fail_before_output_in_every_cli_mode[omitted-full_validate-review]
FAILED tests/test_creator_identity_resolution.py::test_required_corrections_fail_before_output_in_every_cli_mode[omitted-full_validate-research]
FAILED tests/test_creator_identity_resolution.py::test_required_corrections_fail_before_output_in_every_cli_mode[partial-fresh-review]
FAILED tests/test_creator_identity_resolution.py::test_required_corrections_fail_before_output_in_every_cli_mode[partial-fresh-research]
FAILED tests/test_creator_identity_resolution.py::test_required_corrections_fail_before_output_in_every_cli_mode[partial-filtered_validate-review]
FAILED tests/test_creator_identity_resolution.py::test_required_corrections_fail_before_output_in_every_cli_mode[partial-filtered_validate-research]
FAILED tests/test_creator_identity_resolution.py::test_required_corrections_fail_before_output_in_every_cli_mode[partial-full_validate-review]
FAILED tests/test_creator_identity_resolution.py::test_required_corrections_fail_before_output_in_every_cli_mode[partial-full_validate-research]
FAILED tests/test_creator_identity_resolution.py::test_required_corrections_fail_before_output_in_every_cli_mode[stale-fresh-review]
FAILED tests/test_creator_identity_resolution.py::test_required_corrections_fail_before_output_in_every_cli_mode[stale-fresh-research]
FAILED tests/test_creator_identity_resolution.py::test_required_corrections_fail_before_output_in_every_cli_mode[stale-filtered_validate-review]
FAILED tests/test_creator_identity_resolution.py::test_required_corrections_fail_before_output_in_every_cli_mode[stale-filtered_validate-research]
FAILED tests/test_creator_identity_resolution.py::test_required_corrections_fail_before_output_in_every_cli_mode[stale-full_validate-review]
FAILED tests/test_creator_identity_resolution.py::test_required_corrections_fail_before_output_in_every_cli_mode[stale-full_validate-research]
FAILED tests/test_creator_identity_resolution.py::test_complete_required_corrections_succeed_in_every_cli_mode[fresh-review]
FAILED tests/test_creator_identity_resolution.py::test_complete_required_corrections_succeed_in_every_cli_mode[fresh-research]
FAILED tests/test_creator_identity_resolution.py::test_complete_required_corrections_succeed_in_every_cli_mode[merge-review]
FAILED tests/test_creator_identity_resolution.py::test_complete_required_corrections_succeed_in_every_cli_mode[merge-research]
FAILED tests/test_creator_identity_resolution.py::test_merged_research_preserves_sorted_correction_requirements_and_rejects_conflicts
FAILED tests/test_creator_identity_resolution.py::test_malformed_required_correction_manifest_fails_closed[None]
FAILED tests/test_creator_identity_resolution.py::test_malformed_required_correction_manifest_fails_closed[manifest1]
FAILED tests/test_creator_identity_resolution.py::test_malformed_required_correction_manifest_fails_closed[manifest2]
FAILED tests/test_creator_identity_resolution.py::test_malformed_required_correction_manifest_fails_closed[manifest3]
FAILED tests/test_creator_identity_resolution.py::test_malformed_required_correction_manifest_fails_closed[manifest4]
FAILED tests/test_creator_identity_resolution.py::test_malformed_required_correction_manifest_fails_closed[manifest5]
FAILED tests/test_creator_identity_resolution.py::test_research_rejected_link_references_require_applied_corrections_even_without_manifest
FAILED tests/test_creator_identity_resolution.py::test_review_and_research_correction_requirements_cannot_disagree
FAILED tests/test_creator_identity_resolution.py::test_production_inputs_pin_all_six_reviewed_corrections
FAILED tests/test_creator_review_evidence.py::test_packager_binds_trusted_correction_content_for_reproducible_resolver_inputs
33 failed, 150 passed in 2.64s
